[janezurevc.name/index/index.html]
[janezurevc.name/themes/custom/janezurevc_name/favicon/index.ico]
[backblue.gif]
[fade.gif]
[index.html]
[janezurevc.name/rss/index.xml]
[janezurevc.name/core/modules/system/css/components/align.module/index.css]
[janezurevc.name/core/modules/system/css/components/clearfix.module/index.css]
[janezurevc.name/core/modules/system/css/components/hidden.module/index.css]
[janezurevc.name/core/modules/system/css/components/js.module/index.css]
[janezurevc.name/core/modules/system/css/components/progress.module/index.css]
[janezurevc.name/core/modules/system/css/components/system-status-counter/index.css]
[janezurevc.name/core/modules/system/css/components/system-status-report-counters/index.css]
[janezurevc.name/core/modules/system/css/components/tablesort.module/index.css]
[janezurevc.name/core/modules/system/css/components/tree-child.module/index.css]
[janezurevc.name/core/modules/views/css/views.module/index.css]
[janezurevc.name/themes/custom/bootstrap_clean_blog/css/clean-blog/index.css]
[janezurevc.name/themes/custom/bootstrap_clean_blog/css/theme/index.css]
[janezurevc.name/themes/custom/janezurevc_name/theme/index.css]
[janezurevc.name/about/index.html]
[janezurevc.name/themes/custom/janezurevc_name/images/default_bg/index.jpg]
[janezurevc.name/get-in-touch/index.html]
[janezurevc.name/themes/custom/janezurevc_name/images/logo/index.svg]
[janezurevc.name/real-time-auto-save-phoenix-liveview/index.html]
[janezurevc.name/tags/elixir/index.html]
[janezurevc.name/tags/bitqa/index.html]
[janezurevc.name/tags/phoenix/index.html]
[janezurevc.name/tags/liveview/index.html]
[janezurevc.name/bitqa-hackathon-finals-presentation/index.html]
[janezurevc.name/tags/bsv/index.html]
[janezurevc.name/bitqa-interview/index.html]
[janezurevc.name/slovenian-drupal-community-celebrated-release-commerce-20/index.html]
[janezurevc.name/tags/drupal/index.html]
[janezurevc.name/call-help-media-source-plugin-porting/index.html]
[janezurevc.name/tags/media/index.html]
[janezurevc.name/time-take-some-time-drupal-community/index.html]
[janezurevc.name/get-ready-media-workshop-drupal-dev-days-seville/index.html]
[janezurevc.name/want-learn-entity-browser/index.html]
[janezurevc.name/possible-solution-knowledge-sharing-drupal-8-media-domain/index.html]
[janezurevc.name/tags/book/index.html]
[janezurevc.name/sites/default/files/attached-files/sculpin/index.jpg]
[janezurevc.name/playing-sculpin-static-site-generator/index.html]
[janezurevc.name/tags/web/index.html]
[janezurevc.name/node/index1.html]
[janezurevc.name/sites/default/files/js/js_AqmDmmXtxeaHVu3xcdG2zyaHEnlZalxy9J6xKDJ1uAI/index.js]
[janezurevc.name/sites/default/files/js/js_SBPs4Nz8s8sJ8Fu_02wEGLfwObvZDsPxZOtNkHQNtKc/index.js]
[janezurevc.name/index/index1.html]
[janezurevc.name/sites/default/files/js/js_BpR0uWPRfXSLglxmI-MLiWRwWtbnsxDCDenNoWjaMiQ/index.js]
[janezurevc.name/index/index.html]
[janezurevc.name/core/modules/system/css/components/align.module/index.css]
[janezurevc.name/core/modules/system/css/components/fieldgroup.module/index.css]
[janezurevc.name/core/modules/system/css/components/container-inline.module/index.css]
[janezurevc.name/core/modules/system/css/components/clearfix.module/index.css]
[janezurevc.name/core/modules/system/css/components/details.module/index.css]
[janezurevc.name/core/modules/system/css/components/hidden.module/index.css]
[janezurevc.name/core/modules/system/css/components/item-list.module/index.css]
[janezurevc.name/core/modules/system/css/components/js.module/index.css]
[janezurevc.name/core/modules/system/css/components/nowrap.module/index.css]
[janezurevc.name/core/modules/system/css/components/position-container.module/index.css]
[janezurevc.name/core/modules/system/css/components/progress.module/index.css]
[janezurevc.name/core/modules/system/css/components/reset-appearance.module/index.css]
[janezurevc.name/core/modules/system/css/components/resize.module/index.css]
[janezurevc.name/core/modules/system/css/components/sticky-header.module/index.css]
[janezurevc.name/core/misc/icons/e32700/error/index.svg]
[janezurevc.name/core/misc/icons/e29700/warning/index.svg]
[janezurevc.name/core/misc/icons/73b355/check/index.svg]
[janezurevc.name/core/modules/system/css/components/system-status-counter/index.css]
[janezurevc.name/core/modules/system/css/components/system-status-report-counters/index.css]
[janezurevc.name/core/modules/system/css/components/system-status-report-general-info/index.css]
[janezurevc.name/core/modules/system/css/components/tablesort.module/index.css]
[janezurevc.name/core/misc/tree/index.png]
[janezurevc.name/core/misc/tree-bottom/index.png]
[janezurevc.name/core/modules/system/css/components/tree-child.module/index.css]
[janezurevc.name/core/modules/views/css/views.module/index.css]
[janezurevc.name/themes/custom/bootstrap_clean_blog/css/clean-blog/index.css]
[janezurevc.name/themes/custom/bootstrap_clean_blog/css/theme/index.css]
[janezurevc.name/themes/custom/janezurevc_name/images/logo_icon/index.svg]
[janezurevc.name/themes/custom/janezurevc_name/images/date/index.svg]
[janezurevc.name/themes/custom/janezurevc_name/images/comments/index.svg]
[janezurevc.name/themes/custom/janezurevc_name/images/hr_line/index.svg]
[janezurevc.name/themes/custom/janezurevc_name/images/list_item/index.svg]
[janezurevc.name/themes/custom/janezurevc_name/theme/index.css]
[janezurevc.name/node/2/index.html]
[janezurevc.name/sites/default/files/janez_dublin/index.jpg]
[janezurevc.name/slovenskenovicesi-biggest-slovenian-drupal-site/index.html]
[janezurevc.name/sites/default/files/cv_janez_urevc/index.pdf]
[janezurevc.name/sites/default/files/js/js_IO4KOEijyYB18JzKOuxtx9alFJR6jOUQFqgGmjdTR6E/index.js]
[janezurevc.name/about/index.html]
[janezurevc.name/sites/default/files/js/js_aqVGgG3yWXVpCqcUA89567wg966dprjiTYAEs0Foq2M/index.js]
[janezurevc.name/node/116.47/index.delayed]
[janezurevc.name/get-in-touch/index.html]
[janezurevc.name/themes/custom/janezurevc_name/images/logo/index.svg]
[janezurevc.name/node/124.48/index.delayed]
[janezurevc.name/real-time-auto-save-phoenix-liveview/index.html]
[janezurevc.name/taxonomy/term/66/feed/index.html]
[janezurevc.name/tags/elixir/index.html]
[janezurevc.name/taxonomy/term/65/feed/index.html]
[janezurevc.name/tags/bitqa/index.html]
[janezurevc.name/taxonomy/term/68/feed/index.html]
[janezurevc.name/tags/phoenix/index.html]
[janezurevc.name/taxonomy/term/69/feed/index.html]
[janezurevc.name/tags/liveview/index.html]
[janezurevc.name/node/123/index.html]
[janezurevc.name/bitqa-hackathon-finals-presentation/index.html]
[janezurevc.name/taxonomy/term/67/feed/index.html]
[janezurevc.name/tags/bsv/index.html]
[janezurevc.name/node/122/index.html]
[janezurevc.name/bitqa-interview/index.html]
[janezurevc.name/node/114/index.html]
[janezurevc.name/sites/default/files/attached-files/logo_center-300x208/index.png]
[janezurevc.name/sites/default/files/attached-files/burger-paleta/index.jpg]
[janezurevc.name/sites/default/files/styles/content/public/attached-files/20170920_200057/index.jpg]
[janezurevc.name/sites/default/files/styles/content/public/attached-files/20170920_201344(1)/index.jpg]
[janezurevc.name/sites/default/files/styles/content/public/attached-files/20170920_193514/index.jpg]
[janezurevc.name/sites/default/files/styles/content/public/attached-files/20170920_201344/index.jpg]
[janezurevc.name/sites/default/files/styles/content/public/attached-files/20170920_191815/index.jpg]
[janezurevc.name/slovenian-drupal-community-celebrated-release-commerce-20/index.html]
[janezurevc.name/taxonomy/term/14/feed/index.html]
[janezurevc.name/entity-browser-feature-freeze-will-happen-two-weeks/index.html]
[janezurevc.name/join-us-next-drupal-media-sprint-mountain-camp-davos/index.html]
[janezurevc.name/sites/default/files/attached-files/dmc/index.jpg]
[janezurevc.name/results-drupal-8-media-sprint/index.html]
[janezurevc.name/tags/sprint/index.html]
[janezurevc.name/tags/drupal-8/index.html]
[janezurevc.name/tags/drupal/index.html]
[janezurevc.name/tags/drupal/index1.html]
[janezurevc.name/node/112/index.html]
[janezurevc.name/call-for-drupal-8-media-ecosystem-co-maintainers/index.html]
[janezurevc.name/call-help-media-source-plugin-porting/index.html]
[janezurevc.name/presentations-about-various-drupal-8-media-modules/index.html]
[janezurevc.name/taxonomy/term/15/feed/index.html]
[janezurevc.name/releases-of-various-drupal-8-media-modules/index.html]
[janezurevc.name/we-had-great-and-productive-time-at-nyc-sprint/index.html]
[janezurevc.name/tags/media/index.html]
[janezurevc.name/tags/media/index1.html]
[janezurevc.name/node/111.67/index.delayed]
[janezurevc.name/time-take-some-time-drupal-community/index.html]
[janezurevc.name/node/110/index.html]
[janezurevc.name/get-ready-media-workshop-drupal-dev-days-seville/index.html]
[janezurevc.name/node/109/index.html]
[janezurevc.name/want-learn-entity-browser/index.html]
[janezurevc.name/node/108/index.html]
[janezurevc.name/sites/default/files/js/js_7H0_PexyIOLhD_LfogthCu3gDTv4WIC6WQXGmpu3Lh4/index.js]
[janezurevc.name/possible-solution-knowledge-sharing-drupal-8-media-domain/index.html]
[janezurevc.name/taxonomy/term/64/feed/index.html]
[janezurevc.name/tags/book/index.html]
[janezurevc.name/node/106/index.html]
[janezurevc.name/janezurevc-name-runs-on-drupal-8/index.html]
[janezurevc.name/playing-sculpin-static-site-generator/index.html]
[janezurevc.name/taxonomy/term/21/feed/index.html]
[janezurevc.name/drupal-dev-environment-on-docker/index.html]
[janezurevc.name/liquidforms.io/index/index.html]
[janezurevc.name/how-get-clients-ip-number-drupal-when-using-varnish/index.html]
[janezurevc.name/sites/default/files/sn-screenshoot.com_/index.png]
[janezurevc.name/tags/varnish/index.html]
[janezurevc.name/tags/programming/index.html]
[janezurevc.name/tags/delo/index.html]
[janezurevc.name/tags/slovenske-novice/index.html]
[janezurevc.name/survey-about-satisfaction-scrum/index.html]
[janezurevc.name/tags/web/index.html]
[janezurevc.name/tags/scrum/index.html]
[janezurevc.name/drupal-820-and-composer-wonderland/index.html]
[janezurevc.name/tags/docker/index.html]
[janezurevc.name/tags/composer/index.html]
[janezurevc.name/blog-design-refreshed/index.html]
[janezurevc.name/sam-morenson-thinking-about-media-drupal-core/index.html]
[janezurevc.name/sites/default/files/attached-files/header/index.png]
[janezurevc.name/node/index0.html]
[janezurevc.name/node/index2.html]
[janezurevc.name/index/index1.html]
[janezurevc.name/core/misc/icons/e32700/error/index.svg]
[janezurevc.name/core/misc/icons/e29700/warning/index.svg]
[janezurevc.name/core/misc/icons/73b355/check/index.svg]
[janezurevc.name/core/misc/icons/787878/twistie-down/index.svg]
[janezurevc.name/core/misc/icons/787878/twistie-up/index.svg]
[janezurevc.name/themes/custom/janezurevc_name/images/logo_icon/index.svg]
[janezurevc.name/themes/custom/janezurevc_name/images/date/index.svg]
[janezurevc.name/themes/custom/janezurevc_name/images/comments/index.svg]
[janezurevc.name/themes/custom/janezurevc_name/images/hr_line/index.svg]
[janezurevc.name/themes/custom/janezurevc_name/images/list_item/index.svg]
[janezurevc.name/index/index0.html]
[janezurevc.name/node/29.81/index.delayed]
[janezurevc.name/slovenskenovicesi-biggest-slovenian-drupal-site/index.html]
[janezurevc.name/index/index2.html]
[janezurevc.name/node/105/index.html]
[janezurevc.name/entity-browser-feature-freeze-will-happen-two-weeks/index.html]
[janezurevc.name/node/104/index.html]
[janezurevc.name/join-us-next-drupal-media-sprint-mountain-camp-davos/index.html]
[janezurevc.name/node/103/index.html]
[janezurevc.name/results-drupal-8-media-sprint/index.html]
[janezurevc.name/a-lot-of-exciting-drupal-8-media-news/index.html]
[janezurevc.name/taxonomy/term/61/feed/index.html]
[janezurevc.name/tags/sprint/index.html]
[janezurevc.name/zurich-drupal-8-media-sprint-was-a-success/index.html]
[janezurevc.name/taxonomy/term/56/feed/index.html]
[janezurevc.name/drupal-community-please-meet-vijay/index.html]
[janezurevc.name/tags/summer-code/index.html]
[janezurevc.name/media-entity-reaches-8-x-1-0/index.html]
[janezurevc.name/when-will-media-be-ready-for-drupal-8/index.html]
[janezurevc.name/1st-drupal-8-media-virtual-sprint-was-success/index.html]
[janezurevc.name/tags/drupal-8/index.html]
[janezurevc.name/drupal-8-my-media-perspective-update-2/index.html]
[janezurevc.name/drupal-8-media-module-at-google-summer-of-code-2016/index.html]
[janezurevc.name/we-loved-drupal-developer-days/index.html]
[janezurevc.name/tags/drupal/index0.html]
[janezurevc.name/tags/drupal/index1.html]
[janezurevc.name/tags/drupal/index2.html]
[janezurevc.name/node/100/index.html]
[janezurevc.name/e-mail/index.html]
[janezurevc.name/Twitter/index.html]
[janezurevc.name/call-for-drupal-8-media-ecosystem-co-maintainers/index.html]
[janezurevc.name/node/95/index.html]
[janezurevc.name/presentations-about-various-drupal-8-media-modules/index.html]
[janezurevc.name/node/99.97/index.delayed]
[janezurevc.name/releases-of-various-drupal-8-media-modules/index.html]
[janezurevc.name/node/97/index.html]
[janezurevc.name/we-had-great-and-productive-time-at-nyc-sprint/index.html]
[janezurevc.name/image-effects-module-for-drupal-8/index.html]
[janezurevc.name/sites/default/files/attached-files/Izbor_001/index.png]
[janezurevc.name/entity-browser-got-configuration-ui/index.html]
[janezurevc.name/sites/default/files/attached-files/Izbor_008/index.png]
[janezurevc.name/time-to-submit-summer-of-code-proposals/index.html]
[janezurevc.name/tags/media/index0.html]
[janezurevc.name/tags/media/index1.html]
[janezurevc.name/liquidforms.io/index/index.html]
[janezurevc.name/tags/media/index2.html]
[janezurevc.name/node/84/index.html]
[janezurevc.name/core/modules/filter/css/filter.caption/index.css]
[janezurevc.name/sites/default/files/attached-files/bcb/index.png]
[janezurevc.name/sites/default/files/attached-files/disqus/index.png]
[janezurevc.name/progress-entity-embed-module-gsoc-2014/index.html]
[janezurevc.name/janezurevc-name-runs-on-drupal-8/index.html]
[janezurevc.name/sites/default/files/attached-files/markdown/index.png]
[janezurevc.name/node/101.a6/index.delayed]
[janezurevc.name/drupal-dev-environment-on-docker/index.html]
[janezurevc.name/node/30/index.html]
[janezurevc.name/how-get-clients-ip-number-drupal-when-using-varnish/index.html]
[janezurevc.name/taxonomy/term/40/feed/index.html]
[janezurevc.name/tags/varnish/index.html]
[janezurevc.name/taxonomy/term/8/feed/index.html]
[janezurevc.name/multi-file-uploads-drupal-8/index.html]
[janezurevc.name/drupals-plupload-integration-filevalidate/index.html]
[janezurevc.name/tags/plupload/index.html]
[janezurevc.name/relation-migrate-integration-and-reference-upgrade-path/index.html]
[janezurevc.name/tags/relation/index.html]
[janezurevc.name/tags/references/index.html]
[janezurevc.name/strange-behaviour-race-condition-during-nodesave/index.html]
[janezurevc.name/javascript-patterns/index.html]
[janezurevc.name/tags/links/index.html]
[janezurevc.name/drupalcon-denver-2011-media-derivatives-take-control-over-your-files/index.html]
[janezurevc.name/tags/drupalcon/index.html]
[janezurevc.name/tags/derivates-api/index.html]
[janezurevc.name/tags/summer-code-2011/index.html]
[janezurevc.name/how-add-custom-contextual-links-views/index.html]
[janezurevc.name/5-day-challenge-im/index.html]
[janezurevc.name/tags/open-source/index.html]
[janezurevc.name/tags/5-day-challenge/index.html]
[janezurevc.name/tags/programming/index.html]
[janezurevc.name/taxonomy/term/38/feed/index.html]
[janezurevc.name/tags/programming/index1.html]
[janezurevc.name/tags/delo/index.html]
[janezurevc.name/taxonomy/term/39/feed/index.html]
[janezurevc.name/tags/slovenske-novice/index.html]
[janezurevc.name/node/28/index.html]
[janezurevc.name/survey-about-satisfaction-scrum/index.html]
[janezurevc.name/taxonomy/term/37/feed/index.html]
[janezurevc.name/tags/scrum/index.html]
[janezurevc.name/node/102/index.html]
[janezurevc.name/drupal-820-and-composer-wonderland/index.html]
[janezurevc.name/taxonomy/term/62/feed/index.html]
[janezurevc.name/tags/docker/index.html]
[janezurevc.name/taxonomy/term/63/feed/index.html]
[janezurevc.name/tags/composer/index.html]
[janezurevc.name/node/98/index.html]
[janezurevc.name/blog-design-refreshed/index.html]
[janezurevc.name/node/96/index.html]
[janezurevc.name/slides-my-session-drupalcamp-verona/index.html]
[janezurevc.name/sam-morenson-thinking-about-media-drupal-core/index.html]
[janezurevc.name/index/index0.html]
[janezurevc.name/drupal-s-number-1-from-switzerland/index.html]
[janezurevc.name/goodbye-examiner-hello-md-systems/index.html]
[janezurevc.name/node/index3.html]
[janezurevc.name/index/index2.html]
[janezurevc.name/node/85/index.html]
[janezurevc.name/index/index3.html]
[janezurevc.name/a-lot-of-exciting-drupal-8-media-news/index.html]
[janezurevc.name/contact/index.html]
[janezurevc.name/node/83/index.html]
[janezurevc.name/zurich-drupal-8-media-sprint-was-a-success/index.html]
[janezurevc.name/node/91/index.html]
[janezurevc.name/drupal-community-please-meet-vijay/index.html]
[janezurevc.name/taxonomy/term/60/feed/index.html]
[janezurevc.name/progress-disqus-project-gsoc-2014/index.html]
[janezurevc.name/drupal-community-please-meet-chandan-singh/index.html]
[janezurevc.name/tags/summer-code/index.html]
[janezurevc.name/drupal-community-please-meet-jayesh-solanki/index.html]
[janezurevc.name/node/90/index.html]
[janezurevc.name/media-entity-reaches-8-x-1-0/index.html]
[janezurevc.name/node/82/index.html]
[janezurevc.name/when-will-media-be-ready-for-drupal-8/index.html]
[janezurevc.name/node/81/index.html]
[janezurevc.name/sites/default/files/examiner/index.png]
[janezurevc.name/1st-drupal-8-media-virtual-sprint-was-success/index.html]
[janezurevc.name/node/78/index.html]
[janezurevc.name/drupal-8-my-media-perspective-update-2/index.html]
[janezurevc.name/drupal-8-my-media-perspective-update-1/index.html]
[janezurevc.name/node/94.d7/index.delayed]
[janezurevc.name/drupal-8-media-module-at-google-summer-of-code-2016/index.html]
[janezurevc.name/node/93/index.html]
[janezurevc.name/we-loved-drupal-developer-days/index.html]
[janezurevc.name/tags/drupal/index0.html]
[janezurevc.name/tags/drupal/index2.html]
[janezurevc.name/e-mail/index.html]
[janezurevc.name/Twitter/index.html]
[janezurevc.name/tags/drupal/index3.html]
[janezurevc.name/node/88/index.html]
[janezurevc.name/sites/default/files/attached-files/brightness_effect/index.jpg]
[janezurevc.name/sites/default/files/attached-files/color_shift_effect/index.jpg]
[janezurevc.name/sites/default/files/attached-files/contrast_effect/index.jpg]
[janezurevc.name/sites/default/files/attached-files/canvas_effect/index.jpg]
[janezurevc.name/sites/default/files/attached-files/watermark_effect/index.jpg]
[janezurevc.name/image-effects-module-for-drupal-8/index.html]
[janezurevc.name/node/87.e0/index.delayed]
[janezurevc.name/sites/default/files/attached-files/Izbor_002/index.png]
[janezurevc.name/sites/default/files/attached-files/Izbor_003/index.png]
[janezurevc.name/sites/default/files/attached-files/Izbor_004/index.png]
[janezurevc.name/entity-browser-got-configuration-ui/index.html]
[janezurevc.name/node/86/index.html]
[janezurevc.name/time-to-submit-summer-of-code-proposals/index.html]
[janezurevc.name/tags/media/index0.html]
[janezurevc.name/summer-code/index.html]
[janezurevc.name/drupal-8-media-battle-plan-open-discussion/index.html]
[janezurevc.name/why-do-we-complain-about-drupal-media-solutions-aka-lffamhoafa-pt-2/index.html]
[janezurevc.name/lets-fix-file-and-media-handling-once-and-all-pt-1/index.html]
[janezurevc.name/bof-about-media-derivatives-api-drupalcon-lonon/index.html]
[janezurevc.name/tags/drupalcon-london-2011/index.html]
[janezurevc.name/screencast-html5-video-support-multiple-files-using-media-derivatives-api/index.html]
[janezurevc.name/screencast-derivatives-api-intro-gsoc-2011/index.html]
[janezurevc.name/tags/media/index2.html]
[janezurevc.name/core/modules/filter/css/filter.caption/index.css]
[janezurevc.name/derivatives-api-midterm-status-update/index.html]
[janezurevc.name/node/76.ee/index.delayed]
[janezurevc.name/progress-entity-embed-module-gsoc-2014/index.html]
[janezurevc.name/node/55/index.html]
[janezurevc.name/multi-file-uploads-drupal-8/index.html]
[janezurevc.name/node/50/index.html]
[janezurevc.name/drupals-plupload-integration-filevalidate/index.html]
[janezurevc.name/taxonomy/term/51/feed/index.html]
[janezurevc.name/tags/plupload/index.html]
[janezurevc.name/node/43/index.html]
[janezurevc.name/sites/default/files/enable_relation_migrate/index.png]
[janezurevc.name/sites/default/files/relation_type/index.png]
[janezurevc.name/sites/default/files/styles/large/public/relation_type/index.png]
[janezurevc.name/sites/default/files/relation_configuration/index.png]
[janezurevc.name/sites/default/files/migration_classes/index.png]
[janezurevc.name/sites/default/files/styles/migration_classes/index.png]
[janezurevc.name/sites/default/files/relations/index.png]
[janezurevc.name/relation-migrate-integration-and-reference-upgrade-path/index.html]
[janezurevc.name/taxonomy/term/45/feed/index.html]
[janezurevc.name/tags/relation/index.html]
[janezurevc.name/taxonomy/term/46/feed/index.html]
[janezurevc.name/tags/references/index.html]
[janezurevc.name/node/41/index.html]
[janezurevc.name/sites/default/files/flow1/index.png]
[janezurevc.name/sites/default/files/flow2/index.png]
[janezurevc.name/strange-behaviour-race-condition-during-nodesave/index.html]
[janezurevc.name/node/36/index.html]
[janezurevc.name/javascript-patterns/index.html]
[janezurevc.name/taxonomy/term/41/feed/index.html]
[janezurevc.name/tags/links/index.html]
[janezurevc.name/node/26/index.html]
[janezurevc.name/drupalcon-denver-2011-media-derivatives-take-control-over-your-files/index.html]
[janezurevc.name/taxonomy/term/36/feed/index.html]
[janezurevc.name/tags/drupalcon/index.html]
[janezurevc.name/taxonomy/term/26/feed/index.html]
[janezurevc.name/tags/derivates-api/index.html]
[janezurevc.name/taxonomy/term/16/feed/index.html]
[janezurevc.name/tags/summer-code-2011/index.html]
[janezurevc.name/node/20/index.html]
[janezurevc.name/sites/default/files/zaslonska_slika/index.png]
[janezurevc.name/how-add-custom-contextual-links-views/index.html]
[janezurevc.name/node/19/index.html]
[janezurevc.name/5-day-challenge-im/index.html]
[janezurevc.name/taxonomy/term/20/feed/index.html]
[janezurevc.name/tags/open-source/index.html]
[janezurevc.name/taxonomy/term/30/feed/index.html]
[janezurevc.name/tags/5-day-challenge/index.html]
[janezurevc.name/history-programming-languages-and-statistics/index.html]
[janezurevc.name/sites/default/files/Programming/index.gif]
[janezurevc.name/tags/history/index.html]
[janezurevc.name/tags/statistics/index.html]
[janezurevc.name/tags/programming/index1.html]
[janezurevc.name/tags/programming/index0.html]
[janezurevc.name/node/21/index.html]
[janezurevc.name/tags/drupalcamp/index.html]
[janezurevc.name/slides-my-session-drupalcamp-verona/index.html]
[janezurevc.name/tags/verona-2011/index.html]
[janezurevc.name/node/92/index.html]
[janezurevc.name/drupal-s-number-1-from-switzerland/index.html]
[janezurevc.name/node/89/index.html]
[janezurevc.name/sites/default/files/attached-files/Izbor_017/index.png]
[janezurevc.name/goodbye-examiner-hello-md-systems/index.html]
[janezurevc.name/drupal-8-my-media-perspective-update-3/index.html]
[janezurevc.name/node/index4.html]
[janezurevc.name/index/index3.html]
[janezurevc.name/contact/index.html]
[janezurevc.name/node/75/index.html]
[janezurevc.name/progress-disqus-project-gsoc-2014/index.html]
[janezurevc.name/index/index4.html]
[janezurevc.name/node/74/index.html]
[janezurevc.name/drupal-community-please-meet-chandan-singh/index.html]
[janezurevc.name/node/73/index.html]
[janezurevc.name/drupal-community-please-meet-jayesh-solanki/index.html]
[janezurevc.name/node/77/index.html]
[janezurevc.name/drupal-8-my-media-perspective-update-1/index.html]
[janezurevc.name/you-should-come-dc-alpe-adria-really/index.html]
[janezurevc.name/tags/drupalcamp-alpe-adria/index.html]
[janezurevc.name/hhvm-and-drupal-ie-drupal-drinks-some-redbull/index.html]
[janezurevc.name/tags/hhvm/index.html]
[janezurevc.name/tags/php/index.html]
[janezurevc.name/tags/facebook/index.html]
[janezurevc.name/creating-hello-world-module-drupal-8-code-project/index.html]
[janezurevc.name/tags/code/index.html]
[janezurevc.name/tags/drupal/index3.html]
[janezurevc.name/tags/drupal/index4.html]
[janezurevc.name/node/7/index.html]
[janezurevc.name/summer-code/index.html]
[janezurevc.name/node/68/index.html]
[janezurevc.name/drupal-8-media-battle-plan-open-discussion/index.html]
[janezurevc.name/node/63/index.html]
[janezurevc.name/why-do-we-complain-about-drupal-media-solutions-aka-lffamhoafa-pt-2/index.html]
[janezurevc.name/node/62/index.html]
[janezurevc.name/lets-fix-file-and-media-handling-once-and-all-pt-1/index.html]
[janezurevc.name/node/18/index.html]
[janezurevc.name/bof-about-media-derivatives-api-drupalcon-lonon/index.html]
[janezurevc.name/taxonomy/term/29/feed/index.html]
[janezurevc.name/tags/drupalcon-london-2011/index.html]
[janezurevc.name/node/17/index.html]
[janezurevc.name/screencast-html5-video-support-multiple-files-using-media-derivatives-api/index.html]
[janezurevc.name/node/16/index.html]
[janezurevc.name/screencast-derivatives-api-intro-gsoc-2011/index.html]
[janezurevc.name/node/14/index.html]
[janezurevc.name/sites/default/files/derivatives-api/index.png]
[janezurevc.name/derivatives-api-midterm-status-update/index.html]
[janezurevc.name/sites/default/files/styles/migration_classes/index.html]
[janezurevc.name/node/5/index.html]
[janezurevc.name/history-programming-languages-and-statistics/index.html]
[janezurevc.name/taxonomy/term/9/feed/index.html]
[janezurevc.name/tags/history/index.html]
[janezurevc.name/taxonomy/term/10/feed/index.html]
[janezurevc.name/tags/statistics/index.html]
[janezurevc.name/tags/programming/index0.html]
[janezurevc.name/taxonomy/term/31/feed/index.html]
[janezurevc.name/tags/drupalcamp/index.html]
[janezurevc.name/taxonomy/term/32/feed/index.html]
[janezurevc.name/tags/verona-2011/index.html]
[janezurevc.name/node/79/index.html]
[janezurevc.name/drupal-8-my-media-perspective-update-3/index.html]
[janezurevc.name/drupalcamp-alpe-adria-ticket-prices-go-only-4-days/index.html]
[janezurevc.name/drupal-8-media-sprint-dc-vienna-0/index.html]
[janezurevc.name/google-code-and-drupal/index.html]
[janezurevc.name/drupal-bootstrap-drupal-gr8-media/index.html]
[janezurevc.name/node/index5.html]
[janezurevc.name/index/index4.html]
[janezurevc.name/node/71/index.html]
[janezurevc.name/you-should-come-dc-alpe-adria-really/index.html]
[janezurevc.name/taxonomy/term/52/feed/index.html]
[janezurevc.name/index/index5.html]
[janezurevc.name/tags/drupalcamp-alpe-adria/index.html]
[janezurevc.name/node/70/index.html]
[janezurevc.name/sites/default/files/heart/index.jpg]
[janezurevc.name/hhvm-and-drupal-ie-drupal-drinks-some-redbull/index.html]
[janezurevc.name/taxonomy/term/57/feed/index.html]
[janezurevc.name/tags/hhvm/index.html]
[janezurevc.name/taxonomy/term/58/feed/index.html]
[janezurevc.name/tags/php/index.html]
[janezurevc.name/taxonomy/term/59/feed/index.html]
[janezurevc.name/tags/facebook/index.html]
[janezurevc.name/node/69/index.html]
[janezurevc.name/creating-hello-world-module-drupal-8-code-project/index.html]
[janezurevc.name/taxonomy/term/50/feed/index.html]
[janezurevc.name/tags/code/index.html]
[janezurevc.name/google-code-2012-2013-here/index.html]
[janezurevc.name/debug-drush-requests-phpstrom/index.html]
[janezurevc.name/tags/drush/index.html]
[janezurevc.name/tags/xdebug/index.html]
[janezurevc.name/download-drupalcon-session-recordings-offline-viewing/index.html]
[janezurevc.name/tags/youtube-download/index.html]
[janezurevc.name/tags/bash/index.html]
[janezurevc.name/help-vincenzo-rubano/index.html]
[janezurevc.name/google-code-drupal/index.html]
[janezurevc.name/tags/drupal/index4.html]
[janezurevc.name/tags/drupal/index5.html]
[janezurevc.name/node/72/index.html]
[janezurevc.name/drupalcamp-alpe-adria-ticket-prices-go-only-4-days/index.html]
[janezurevc.name/node/67/index.html]
[janezurevc.name/drupal-8-media-sprint-dc-vienna-0/index.html]
[janezurevc.name/node/65/index.html]
[janezurevc.name/google-code-and-drupal/index.html]
[janezurevc.name/node/64/index.html]
[janezurevc.name/drupal-bootstrap-drupal-gr8-media/index.html]
[janezurevc.name/none-ourselves-can-free-our-minds/index.html]
[janezurevc.name/one-love/index.html]
[janezurevc.name/get-your-ticket-dc-alpe-adria/index.html]
[janezurevc.name/dc-alpe-adria-out/index.html]
[janezurevc.name/node/index6.html]
[janezurevc.name/index/index5.html]
[janezurevc.name/node/48/index.html]
[janezurevc.name/google-code-2012-2013-here/index.html]
[janezurevc.name/index/index6.html]
[janezurevc.name/node/61/index.html]
[janezurevc.name/debug-drush-requests-phpstrom/index.html]
[janezurevc.name/taxonomy/term/54/feed/index.html]
[janezurevc.name/tags/drush/index.html]
[janezurevc.name/taxonomy/term/55/feed/index.html]
[janezurevc.name/tags/xdebug/index.html]
[janezurevc.name/node/59/index.html]
[janezurevc.name/download-drupalcon-session-recordings-offline-viewing/index.html]
[janezurevc.name/taxonomy/term/53/feed/index.html]
[janezurevc.name/tags/youtube-download/index.html]
[janezurevc.name/taxonomy/term/3/feed/index.html]
[janezurevc.name/tags/bash/index.html]
[janezurevc.name/node/57/index.html]
[janezurevc.name/help-vincenzo-rubano/index.html]
[janezurevc.name/node/49/index.html]
[janezurevc.name/google-code-drupal/index.html]
[janezurevc.name/linux-journals-drupal-special-edition/index.html]
[janezurevc.name/sites/default/files/drupalcover-200/index.jpg]
[janezurevc.name/tags/linux-journal/index.html]
[janezurevc.name/mastering-drupal-cache-video/index.html]
[janezurevc.name/tags/drupaldevdays/index.html]
[janezurevc.name/tags/session/index.html]
[janezurevc.name/community-momentum/index.html]
[janezurevc.name/tags/drupal-balkan-summit/index.html]
[janezurevc.name/tags/drupal/index5.html]
[janezurevc.name/tags/drupal/index6.html]
[janezurevc.name/node/60/index.html]
[janezurevc.name/none-ourselves-can-free-our-minds/index.html]
[janezurevc.name/node/58/index.html]
[janezurevc.name/one-love/index.html]
[janezurevc.name/node/56/index.html]
[janezurevc.name/get-your-ticket-dc-alpe-adria/index.html]
[janezurevc.name/node/54/index.html]
[janezurevc.name/dc-alpe-adria-out/index.html]
[janezurevc.name/world-mine/index.html]
[janezurevc.name/tags/photography/index.html]
[janezurevc.name/goodlife/index.html]
[janezurevc.name/setting-default-printer-lpr-linux/index.html]
[janezurevc.name/tags/linux/index.html]
[janezurevc.name/tags/hints/index.html]
[janezurevc.name/photographer/index.html]
[janezurevc.name/materialization-plugin-views-gsoc-2012/index.html]
[janezurevc.name/tags/summer-code-2012/index.html]
[janezurevc.name/tags/views/index.html]
[janezurevc.name/node/index7.html]
[janezurevc.name/index/index6.html]
[janezurevc.name/node/46/index.html]
[janezurevc.name/linux-journals-drupal-special-edition/index.html]
[janezurevc.name/taxonomy/term/48/feed/index.html]
[janezurevc.name/index/index7.html]
[janezurevc.name/tags/linux-journal/index.html]
[janezurevc.name/node/42/index.html]
[janezurevc.name/mastering-drupal-cache-video/index.html]
[janezurevc.name/taxonomy/term/43/feed/index.html]
[janezurevc.name/tags/drupaldevdays/index.html]
[janezurevc.name/taxonomy/term/44/feed/index.html]
[janezurevc.name/tags/session/index.html]
[janezurevc.name/node/39/index.html]
[janezurevc.name/sites/default/files/DSC_0084/index.jpg]
[janezurevc.name/sites/default/files/views/index.png]
[janezurevc.name/community-momentum/index.html]
[janezurevc.name/taxonomy/term/42/feed/index.html]
[janezurevc.name/tags/drupal-balkan-summit/index.html]
[janezurevc.name/tags/drupal/index6.html]
[janezurevc.name/node/53/index.html]
[janezurevc.name/world-mine/index.html]
[janezurevc.name/taxonomy/term/33/feed/index.html]
[janezurevc.name/tags/photography/index.html]
[janezurevc.name/moonlight/index.html]
[janezurevc.name/node/51.182/index.delayed]
[janezurevc.name/goodlife/index.html]
[janezurevc.name/node/47/index.html]
[janezurevc.name/setting-default-printer-lpr-linux/index.html]
[janezurevc.name/taxonomy/term/2/feed/index.html]
[janezurevc.name/tags/linux/index.html]
[janezurevc.name/taxonomy/term/49/feed/index.html]
[janezurevc.name/tags/hints/index.html]
[janezurevc.name/node/45/index.html]
[janezurevc.name/photographer/index.html]
[janezurevc.name/node/44/index.html]
[janezurevc.name/materialization-plugin-views-gsoc-2012/index.html]
[janezurevc.name/taxonomy/term/47/feed/index.html]
[janezurevc.name/tags/summer-code-2012/index.html]
[janezurevc.name/taxonomy/term/34/feed/index.html]
[janezurevc.name/tags/views/index.html]
[janezurevc.name/goodbye-pulseaudio-welcome-alsa/index.html]
[janezurevc.name/tags/ubuntu/index.html]
[janezurevc.name/fishing-boat/index.html]
[janezurevc.name/happy-cook/index.html]
[janezurevc.name/patching-directly-web/index.html]
[janezurevc.name/zrenjanin-serbia/index.html]
[janezurevc.name/node/index8.html]
[janezurevc.name/index/index7.html]
[janezurevc.name/node/24/index.html]
[janezurevc.name/moonlight/index.html]
[janezurevc.name/index/index8.html]
[janezurevc.name/node/40/index.html]
[janezurevc.name/goodbye-pulseaudio-welcome-alsa/index.html]
[janezurevc.name/taxonomy/term/17/feed/index.html]
[janezurevc.name/tags/ubuntu/index.html]
[janezurevc.name/node/38/index.html]
[janezurevc.name/fishing-boat/index.html]
[janezurevc.name/node/37/index.html]
[janezurevc.name/happy-cook/index.html]
[janezurevc.name/node/34/index.html]
[janezurevc.name/patching-directly-web/index.html]
[janezurevc.name/node/33/index.html]
[janezurevc.name/zrenjanin-serbia/index.html]
[janezurevc.name/verona-night/index.html]
[janezurevc.name/node.199/index9.delayed]
[janezurevc.name/index/index8.html]
[janezurevc.name/node/23/index.html]
[janezurevc.name/verona-night/index.html]
[janezurevc.name/index/index9.html]
[janezurevc.name/scheduled-actions-screencast/index.html]
[janezurevc.name/tags/scheduled-actions/index.html]
[janezurevc.name/tags/workflow/index.html]
[janezurevc.name/derivates-api-feature-list/index.html]
[janezurevc.name/drupal-coder-review-ignore-file/index.html]
[janezurevc.name/tags/coder/index.html]
[janezurevc.name/tags/coding-standards/index.html]
[janezurevc.name/slideshow-drupal-7-v-praksi-practical-drupal-7/index.html]
[janezurevc.name/tags/wwwh/index.html]
[janezurevc.name/tags/kiberpipa/index.html]
[janezurevc.name/how-install-trac-agilo-scrum-and-git-browser-ubuntu-1104/index.html]
[janezurevc.name/tags/trac/index.html]
[janezurevc.name/tags/agilo/index.html]
[janezurevc.name/tags/command-line/index.html]
[janezurevc.name/download-entire-web-page-using-wget/index.html]
[janezurevc.name/tags/wget/index.html]
[janezurevc.name/tags/gnu/index.html]
[janezurevc.name/node/index10.html]
[janezurevc.name/index/index9.html]
[janezurevc.name/node/15/index.html]
[janezurevc.name/scheduled-actions-screencast/index.html]
[janezurevc.name/taxonomy/term/27/feed/index.html]
[janezurevc.name/index/index10.html]
[janezurevc.name/tags/scheduled-actions/index.html]
[janezurevc.name/taxonomy/term/28/feed/index.html]
[janezurevc.name/tags/workflow/index.html]
[janezurevc.name/node/12/index.html]
[janezurevc.name/derivates-api-feature-list/index.html]
[janezurevc.name/node/11/index.html]
[janezurevc.name/drupal-coder-review-ignore-file/index.html]
[janezurevc.name/taxonomy/term/24/feed/index.html]
[janezurevc.name/tags/coder/index.html]
[janezurevc.name/taxonomy/term/25/feed/index.html]
[janezurevc.name/tags/coding-standards/index.html]
[janezurevc.name/node/10/index.html]
[janezurevc.name/slideshow-drupal-7-v-praksi-practical-drupal-7/index.html]
[janezurevc.name/taxonomy/term/22/feed/index.html]
[janezurevc.name/tags/wwwh/index.html]
[janezurevc.name/taxonomy/term/23/feed/index.html]
[janezurevc.name/tags/kiberpipa/index.html]
[janezurevc.name/node/8/index.html]
[janezurevc.name/how-install-trac-agilo-scrum-and-git-browser-ubuntu-1104/index.html]
[janezurevc.name/taxonomy/term/18/feed/index.html]
[janezurevc.name/tags/trac/index.html]
[janezurevc.name/taxonomy/term/19/feed/index.html]
[janezurevc.name/tags/agilo/index.html]
[janezurevc.name/taxonomy/term/11/feed/index.html]
[janezurevc.name/tags/command-line/index.html]
[janezurevc.name/node/6/index.html]
[janezurevc.name/download-entire-web-page-using-wget/index.html]
[janezurevc.name/taxonomy/term/12/feed/index.html]
[janezurevc.name/tags/wget/index.html]
[janezurevc.name/taxonomy/term/13/feed/index.html]
[janezurevc.name/tags/gnu/index.html]
[janezurevc.name/surprising-truth-about-what-motivates-us/index.html]
[janezurevc.name/tags/work/index.html]
[janezurevc.name/tags/motivation/index.html]
[janezurevc.name/mass-resize-pdf-files/index.html]
[janezurevc.name/tags/ghostscript/index.html]
[janezurevc.name/index/index10.html]
[janezurevc.name/tags/pdf-resize/index.html]
[janezurevc.name/node/4/index.html]
[janezurevc.name/surprising-truth-about-what-motivates-us/index.html]
[janezurevc.name/taxonomy/term/6/feed/index.html]
[janezurevc.name/tags/work/index.html]
[janezurevc.name/taxonomy/term/7/feed/index.html]
[janezurevc.name/tags/motivation/index.html]
[janezurevc.name/node/3/index.html]
[janezurevc.name/mass-resize-pdf-files/index.html]
[janezurevc.name/taxonomy/term/4/feed/index.html]
[janezurevc.name/tags/ghostscript/index.html]
[janezurevc.name/taxonomy/term/5/feed/index.html]
[janezurevc.name/tags/pdf-resize/index.html]
